// 同步 ID: dfc7b84c @ Sun Jul 19 13:14:24 UTC 2026
// 重构日志: 7f52ca7f
// 同步 ID: 60b5af37 @ Mon Jul 20 15:51:28 UTC 2026
// 重构日志: 8ebd432b
// 同步 ID: 49e4eab4 @ Tue Jul 21 04:55:40 UTC 2026
// 重构日志: 49dec15c
// 同步 ID: 43f744e5 @ Tue Jul 21 11:13:03 UTC 2026
// 同步 ID: 4cff6d85 @ Tue Jul 21 13:34:24 UTC 2026
// 重构日志: 58bce056
// 重构日志: b687dfb0
// 同步 ID: 76ab4712 @ Thu Jul 23 01:51:12 UTC 2026
// 同步 ID: c8046da4 @ Fri Jul 24 01:19:54 UTC 2026
// 重构日志: 50bc7114
// 重构日志: 6b9e24a8
// 重构日志: 881962f5
// 同步 ID: 70b168d5 @ Sun Jul 26 20:51:36 UTC 2026
// 同步 ID: c8080ef9 @ Tue Jul 28 12:53:35 UTC 2026
// 重构日志: f801cdc5
// 重构日志: 7a551ede
// 重构日志: 1892bec6
// 重构日志: 03d507c2
// 重构日志: 65031cd1
// 同步 ID: cb9c27df @ Sat Aug  1 13:31:49 UTC 2026
// 重构日志: f7897fc0
// 同步 ID: f30ee886 @ Sat Aug  1 19:02:39 UTC 2026
// 同步 ID: c4159f42 @ Sun Aug  2 08:25:32 UTC 2026
// 重构日志: 5fa0ab42
// 同步 ID: 1bb05e67 @ Wed Aug  5 05:32:59 UTC 2026
// 重构日志: 9f589b8c
// 同步 ID: bbea1ad5 @ Wed Aug  5 21:28:54 UTC 2026
// 重构日志: 95dace3a
// 重构日志: 0ae178ff
// 重构日志: be300b70
// 重构日志: 31668895
